
> nextflow@0.1.0 build
> next build

  Ôû▓ Next.js 14.2.5
  - Environments: .env.local, .env

   Creating an optimized production build ...
npm : uncaughtException [Error: EPERM: operation not permitted, open 'D:\Galaxy ai\nextflow\.next\trace'] {
At line:1 char:1
+ npm run build 2>&1 | Tee-Object -FilePath build-output.txt; Get-Conte ...
+ ~~~~~~~~~~~~~~~~~~
    + CategoryInfo          : NotSpecified: (uncaughtExcepti....next\trace'] {:String) [], RemoteException
    + FullyQualifiedErrorId : NativeCommandError
 
  errno: -4048,
  code: 'EPERM',
  syscall: 'open',
  path: 'D:\\Galaxy ai\\nextflow\\.next\\trace'
}
